#-----------------------------------------------------------
# Vivado v2024.1.2 (64-bit)
# SW Build 5164865 on Thu Sep  5 14:37:11 MDT 2024
# IP Build 5164407 on Fri Sep  6 08:18:11 MDT 2024
# SharedData Build 5164864 on Thu Sep 05 13:09:09 MDT 2024
# Start of session at: Thu Oct 31 13:10:38 2024
# Process ID: 6024
# Current directory: D:/Vivado Projects/vending_machine
# Command line: vivado.exe -gui_launcher_event rodinguilauncherevent10128 D:\Vivado Projects\vending_machine\vending_machine.xpr
# Log file: D:/Vivado Projects/vending_machine/vivado.log
# Journal file: D:/Vivado Projects/vending_machine\vivado.jou
# Running On        :Mi_NB_Ultra
# Platform          :Windows Server 2016 or Windows 10
# Operating System  :26100
# Processor Detail  :11th Gen Intel(R) Core(TM) i5-11320H @ 3.20GHz
# CPU Frequency     :3187 MHz
# CPU Physical cores:4
# CPU Logical cores :8
# Host memory       :16952 MB
# Swap memory       :3087 MB
# Total Virtual     :20039 MB
# Available Virtual :12357 MB
#-----------------------------------------------------------
start_gui
open_project {D:/Vivado Projects/vending_machine/vending_machine.xpr}
update_compile_order -fileset sources_1
